// Jest Snapshot v1, https://goo.gl/fbAQLP

exports[`Renders Newstable Component should render correctly 1`] = `ReactWrapper {}`;

exports[`renders learn react link should render correctly 1`] = `ReactWrapper {}`;
